// Jest Snapshot v1, https://goo.gl/fbAQLP

exports[`useStyles should render styles in document head 1`] = `<div />`;
